Test Report Content
